Test Report Content
